// Jest Snapshot v1, https://goo.gl/fbAQLP

exports[`<SearchResult /> Load Repos 1`] = `null`;
